Archive member included to satisfy reference by file (symbol)

c:/program files (x86)/atmel/studio/7.0/toolchain/avr8/avr8-gnu-toolchain/bin/../lib/gcc/avr/5.4.0/avr5\libgcc.a(_mulsi3.o)
                              APP/Calculator/Calculator.o (__mulsi3)
c:/program files (x86)/atmel/studio/7.0/toolchain/avr8/avr8-gnu-toolchain/bin/../lib/gcc/avr/5.4.0/avr5\libgcc.a(_divmodsi4.o)
                              APP/Calculator/Calculator.o (__divmodsi4)
c:/program files (x86)/atmel/studio/7.0/toolchain/avr8/avr8-gnu-toolchain/bin/../lib/gcc/avr/5.4.0/avr5\libgcc.a(_negsi2.o)
                              c:/program files (x86)/atmel/studio/7.0/toolchain/avr8/avr8-gnu-toolchain/bin/../lib/gcc/avr/5.4.0/avr5\libgcc.a(_divmodsi4.o) (__negsi2)
c:/program files (x86)/atmel/studio/7.0/toolchain/avr8/avr8-gnu-toolchain/bin/../lib/gcc/avr/5.4.0/avr5\libgcc.a(_exit.o)
                              C:/Program Files (x86)/Atmel/Studio/7.0/Packs/atmel/ATmega_DFP/1.2.209/gcc/dev/atmega32/avr5/crtatmega32.o (exit)
c:/program files (x86)/atmel/studio/7.0/toolchain/avr8/avr8-gnu-toolchain/bin/../lib/gcc/avr/5.4.0/avr5\libgcc.a(_copy_data.o)
                              APP/Calculator/Calculator.o (__do_copy_data)
c:/program files (x86)/atmel/studio/7.0/toolchain/avr8/avr8-gnu-toolchain/bin/../lib/gcc/avr/5.4.0/avr5\libgcc.a(_clear_bss.o)
                              APP/Calculator/Calculator.o (__do_clear_bss)
c:/program files (x86)/atmel/studio/7.0/toolchain/avr8/avr8-gnu-toolchain/bin/../lib/gcc/avr/5.4.0/avr5\libgcc.a(_muluhisi3.o)
                              c:/program files (x86)/atmel/studio/7.0/toolchain/avr8/avr8-gnu-toolchain/bin/../lib/gcc/avr/5.4.0/avr5\libgcc.a(_mulsi3.o) (__muluhisi3)
c:/program files (x86)/atmel/studio/7.0/toolchain/avr8/avr8-gnu-toolchain/bin/../lib/gcc/avr/5.4.0/avr5\libgcc.a(_udivmodsi4.o)
                              c:/program files (x86)/atmel/studio/7.0/toolchain/avr8/avr8-gnu-toolchain/bin/../lib/gcc/avr/5.4.0/avr5\libgcc.a(_divmodsi4.o) (__udivmodsi4)
c:/program files (x86)/atmel/studio/7.0/toolchain/avr8/avr8-gnu-toolchain/bin/../lib/gcc/avr/5.4.0/avr5\libgcc.a(_umulhisi3.o)
                              c:/program files (x86)/atmel/studio/7.0/toolchain/avr8/avr8-gnu-toolchain/bin/../lib/gcc/avr/5.4.0/avr5\libgcc.a(_muluhisi3.o) (__umulhisi3)
c:/program files (x86)/atmel/studio/7.0/toolchain/avr8/avr8-gnu-toolchain/bin/../lib/gcc/avr/5.4.0/../../../../avr/lib/avr5\libc.a(memcpy.o)
                              OS/FreeRTOS/queue.o (memcpy)

Discarded input sections

 .data          0x00000000        0x0 C:/Program Files (x86)/Atmel/Studio/7.0/Packs/atmel/ATmega_DFP/1.2.209/gcc/dev/atmega32/avr5/crtatmega32.o
 .bss           0x00000000        0x0 C:/Program Files (x86)/Atmel/Studio/7.0/Packs/atmel/ATmega_DFP/1.2.209/gcc/dev/atmega32/avr5/crtatmega32.o
 .text          0x00000000        0x0 APP/Calculator/Calculator.o
 .data          0x00000000        0x0 APP/Calculator/Calculator.o
 .bss           0x00000000        0x0 APP/Calculator/Calculator.o
 .text.Project_Init
                0x00000000       0x6a APP/Calculator/Calculator.o
 .text          0x00000000        0x0 APP/CFGH/HAL_CFG/KeyPad_LCFG.o
 .data          0x00000000        0x0 APP/CFGH/HAL_CFG/KeyPad_LCFG.o
 .bss           0x00000000        0x0 APP/CFGH/HAL_CFG/KeyPad_LCFG.o
 .text          0x00000000        0x0 APP/CFGH/HAL_CFG/LCD_CFG.o
 .data          0x00000000        0x0 APP/CFGH/HAL_CFG/LCD_CFG.o
 .bss           0x00000000        0x0 APP/CFGH/HAL_CFG/LCD_CFG.o
 .rodata.LCD_CUSTOM_CHARACTERS_g
                0x00000000       0x40 APP/CFGH/HAL_CFG/LCD_CFG.o
 .debug_info    0x00000000       0xa1 APP/CFGH/HAL_CFG/LCD_CFG.o
 .debug_abbrev  0x00000000       0x52 APP/CFGH/HAL_CFG/LCD_CFG.o
 .debug_aranges
                0x00000000       0x18 APP/CFGH/HAL_CFG/LCD_CFG.o
 .debug_line    0x00000000       0x4b APP/CFGH/HAL_CFG/LCD_CFG.o
 .debug_str     0x00000000      0x1c2 APP/CFGH/HAL_CFG/LCD_CFG.o
 .comment       0x00000000       0x31 APP/CFGH/HAL_CFG/LCD_CFG.o
 .text          0x00000000        0x0 APP/CFGH/MCAL_CFG/PORT_LCFG.o
 .data          0x00000000        0x0 APP/CFGH/MCAL_CFG/PORT_LCFG.o
 .bss           0x00000000        0x0 APP/CFGH/MCAL_CFG/PORT_LCFG.o
 .text          0x00000000        0x0 APP/MAIN/main.o
 .data          0x00000000        0x0 APP/MAIN/main.o
 .bss           0x00000000        0x0 APP/MAIN/main.o
 .text          0x00000000        0x0 HAL/KeyPad/KeyPad_Core.o
 .data          0x00000000        0x0 HAL/KeyPad/KeyPad_Core.o
 .bss           0x00000000        0x0 HAL/KeyPad/KeyPad_Core.o
 .text          0x00000000        0x0 HAL/LCD/LCD_Core.o
 .data          0x00000000        0x0 HAL/LCD/LCD_Core.o
 .bss           0x00000000        0x0 HAL/LCD/LCD_Core.o
 .text.LCD_WriteCustomCharacter
                0x00000000       0x5a HAL/LCD/LCD_Core.o
 .text          0x00000000        0x0 MCAL/DIO/DIO_Core.o
 .data          0x00000000        0x0 MCAL/DIO/DIO_Core.o
 .bss           0x00000000        0x0 MCAL/DIO/DIO_Core.o
 .text.DIO_FlipChannel
                0x00000000       0x82 MCAL/DIO/DIO_Core.o
 .text.DIO_WritePort
                0x00000000       0x26 MCAL/DIO/DIO_Core.o
 .text.DIO_ReadPort
                0x00000000       0x2a MCAL/DIO/DIO_Core.o
 .text          0x00000000        0x0 MCAL/PORT/PORT_Core.o
 .data          0x00000000        0x0 MCAL/PORT/PORT_Core.o
 .bss           0x00000000        0x0 MCAL/PORT/PORT_Core.o
 .text          0x00000000        0x0 OS/FreeRTOS/croutine.o
 .data          0x00000000        0x0 OS/FreeRTOS/croutine.o
 .bss           0x00000000        0x0 OS/FreeRTOS/croutine.o
 .debug_info    0x00000000       0x64 OS/FreeRTOS/croutine.o
 .debug_abbrev  0x00000000       0x26 OS/FreeRTOS/croutine.o
 .debug_aranges
                0x00000000       0x18 OS/FreeRTOS/croutine.o
 .debug_line    0x00000000       0x1a OS/FreeRTOS/croutine.o
 .debug_str     0x00000000      0x196 OS/FreeRTOS/croutine.o
 .comment       0x00000000       0x31 OS/FreeRTOS/croutine.o
 .text          0x00000000        0x0 OS/FreeRTOS/event_groups.o
 .data          0x00000000        0x0 OS/FreeRTOS/event_groups.o
 .bss           0x00000000        0x0 OS/FreeRTOS/event_groups.o
 .text.xEventGroupCreate
                0x00000000       0x26 OS/FreeRTOS/event_groups.o
 .text.xEventGroupWaitBits
                0x00000000      0x110 OS/FreeRTOS/event_groups.o
 .text.xEventGroupClearBits
                0x00000000       0x1e OS/FreeRTOS/event_groups.o
 .text.xEventGroupGetBitsFromISR
                0x00000000        0x8 OS/FreeRTOS/event_groups.o
 .text.xEventGroupSetBits
                0x00000000       0xdc OS/FreeRTOS/event_groups.o
 .text.xEventGroupSync
                0x00000000       0xd2 OS/FreeRTOS/event_groups.o
 .text.vEventGroupDelete
                0x00000000       0x32 OS/FreeRTOS/event_groups.o
 .text.vEventGroupSetBitsCallback
                0x00000000        0x8 OS/FreeRTOS/event_groups.o
 .text.vEventGroupClearBitsCallback
                0x00000000        0x8 OS/FreeRTOS/event_groups.o
 .debug_info    0x00000000      0x90b OS/FreeRTOS/event_groups.o
 .debug_abbrev  0x00000000      0x20c OS/FreeRTOS/event_groups.o
 .debug_loc     0x00000000      0xb78 OS/FreeRTOS/event_groups.o
 .debug_aranges
                0x00000000       0x60 OS/FreeRTOS/event_groups.o
 .debug_ranges  0x00000000       0x68 OS/FreeRTOS/event_groups.o
 .debug_line    0x00000000      0x3a0 OS/FreeRTOS/event_groups.o
 .debug_str     0x00000000      0x5aa OS/FreeRTOS/event_groups.o
 .comment       0x00000000       0x31 OS/FreeRTOS/event_groups.o
 .debug_frame   0x00000000      0x158 OS/FreeRTOS/event_groups.o
 .text          0x00000000        0x0 OS/FreeRTOS/heap_1.o
 .data          0x00000000        0x0 OS/FreeRTOS/heap_1.o
 .bss           0x00000000        0x0 OS/FreeRTOS/heap_1.o
 .text.vPortInitialiseBlocks
                0x00000000        0xa OS/FreeRTOS/heap_1.o
 .text.xPortGetFreeHeapSize
                0x00000000       0x12 OS/FreeRTOS/heap_1.o
 .text          0x00000000        0x0 OS/FreeRTOS/list.o
 .data          0x00000000        0x0 OS/FreeRTOS/list.o
 .bss           0x00000000        0x0 OS/FreeRTOS/list.o
 .text          0x00000000        0x0 OS/FreeRTOS/port.o
 .data          0x00000000        0x0 OS/FreeRTOS/port.o
 .bss           0x00000000        0x0 OS/FreeRTOS/port.o
 .text.vPortEndScheduler
                0x00000000        0x2 OS/FreeRTOS/port.o
 .text          0x00000000        0x0 OS/FreeRTOS/queue.o
 .data          0x00000000        0x0 OS/FreeRTOS/queue.o
 .bss           0x00000000        0x0 OS/FreeRTOS/queue.o
 .text.xQueueGenericSendFromISR
                0x00000000       0x74 OS/FreeRTOS/queue.o
 .text.xQueueGiveFromISR
                0x00000000       0x52 OS/FreeRTOS/queue.o
 .text.xQueueSemaphoreTake
                0x00000000      0x11a OS/FreeRTOS/queue.o
 .text.xQueuePeek
                0x00000000      0x132 OS/FreeRTOS/queue.o
 .text.xQueueReceiveFromISR
                0x00000000       0x6e OS/FreeRTOS/queue.o
 .text.xQueuePeekFromISR
                0x00000000       0x2e OS/FreeRTOS/queue.o
 .text.uxQueueMessagesWaiting
                0x00000000       0x10 OS/FreeRTOS/queue.o
 .text.uxQueueSpacesAvailable
                0x00000000       0x14 OS/FreeRTOS/queue.o
 .text.uxQueueMessagesWaitingFromISR
                0x00000000        0x6 OS/FreeRTOS/queue.o
 .text.vQueueDelete
                0x00000000        0x6 OS/FreeRTOS/queue.o
 .text.xQueueIsQueueEmptyFromISR
                0x00000000        0xc OS/FreeRTOS/queue.o
 .text.xQueueIsQueueFullFromISR
                0x00000000        0xe OS/FreeRTOS/queue.o
 .text          0x00000000        0x0 OS/FreeRTOS/stream_buffer.o
 .data          0x00000000        0x0 OS/FreeRTOS/stream_buffer.o
 .bss           0x00000000        0x0 OS/FreeRTOS/stream_buffer.o
 .text.prvBytesInBuffer
                0x00000000       0x26 OS/FreeRTOS/stream_buffer.o
 .text.prvWriteBytesToBuffer
                0x00000000       0x92 OS/FreeRTOS/stream_buffer.o
 .text.prvWriteMessageToBuffer
                0x00000000       0x82 OS/FreeRTOS/stream_buffer.o
 .text.prvReadBytesFromBuffer
                0x00000000       0x9e OS/FreeRTOS/stream_buffer.o
 .text.xStreamBufferGenericCreate
                0x00000000       0x5a OS/FreeRTOS/stream_buffer.o
 .text.vStreamBufferDelete
                0x00000000       0x1a OS/FreeRTOS/stream_buffer.o
 .text.xStreamBufferReset
                0x00000000       0x74 OS/FreeRTOS/stream_buffer.o
 .text.xStreamBufferSetTriggerLevel
                0x00000000       0x22 OS/FreeRTOS/stream_buffer.o
 .text.xStreamBufferSpacesAvailable
                0x00000000       0x24 OS/FreeRTOS/stream_buffer.o
 .text.xStreamBufferBytesAvailable
                0x00000000        0x6 OS/FreeRTOS/stream_buffer.o
 .text.xStreamBufferSend
                0x00000000      0x146 OS/FreeRTOS/stream_buffer.o
 .text.xStreamBufferSendFromISR
                0x00000000       0x8c OS/FreeRTOS/stream_buffer.o
 .text.xStreamBufferReceive
                0x00000000      0x148 OS/FreeRTOS/stream_buffer.o
 .text.xStreamBufferNextMessageLengthBytes
                0x00000000       0x66 OS/FreeRTOS/stream_buffer.o
 .text.xStreamBufferReceiveFromISR
                0x00000000       0xe6 OS/FreeRTOS/stream_buffer.o
 .text.xStreamBufferIsEmpty
                0x00000000       0x16 OS/FreeRTOS/stream_buffer.o
 .text.xStreamBufferIsFull
                0x00000000       0x2c OS/FreeRTOS/stream_buffer.o
 .text.xStreamBufferSendCompletedFromISR
                0x00000000       0x46 OS/FreeRTOS/stream_buffer.o
 .text.xStreamBufferReceiveCompletedFromISR
                0x00000000       0x46 OS/FreeRTOS/stream_buffer.o
 .debug_info    0x00000000     0x137e OS/FreeRTOS/stream_buffer.o
 .debug_abbrev  0x00000000      0x29b OS/FreeRTOS/stream_buffer.o
 .debug_loc     0x00000000     0x1cde OS/FreeRTOS/stream_buffer.o
 .debug_aranges
                0x00000000       0xb0 OS/FreeRTOS/stream_buffer.o
 .debug_ranges  0x00000000       0xa0 OS/FreeRTOS/stream_buffer.o
 .debug_line    0x00000000      0x74c OS/FreeRTOS/stream_buffer.o
 .debug_str     0x00000000      0x7c2 OS/FreeRTOS/stream_buffer.o
 .comment       0x00000000       0x31 OS/FreeRTOS/stream_buffer.o
 .debug_frame   0x00000000      0x38c OS/FreeRTOS/stream_buffer.o
 .text          0x00000000        0x0 OS/FreeRTOS/tasks.o
 .data          0x00000000        0x0 OS/FreeRTOS/tasks.o
 .bss           0x00000000        0x0 OS/FreeRTOS/tasks.o
 .text.vTaskDelete
                0x00000000       0xaa OS/FreeRTOS/tasks.o
 .text.vTaskResume
                0x00000000       0x9e OS/FreeRTOS/tasks.o
 .text.xTaskResumeFromISR
                0x00000000       0xae OS/FreeRTOS/tasks.o
 .text.vTaskEndScheduler
                0x00000000        0xc OS/FreeRTOS/tasks.o
 .text.xTaskGetTickCount
                0x00000000       0x14 OS/FreeRTOS/tasks.o
 .text.xTaskGetTickCountFromISR
                0x00000000        0xa OS/FreeRTOS/tasks.o
 .text.uxTaskGetNumberOfTasks
                0x00000000        0x6 OS/FreeRTOS/tasks.o
 .text.pcTaskGetName
                0x00000000       0x10 OS/FreeRTOS/tasks.o
 .text.vTaskPlaceOnUnorderedEventList
                0x00000000       0x32 OS/FreeRTOS/tasks.o
 .text.vTaskRemoveFromUnorderedEventList
                0x00000000       0x70 OS/FreeRTOS/tasks.o
 .text.vTaskSetTimeOutState
                0x00000000       0x20 OS/FreeRTOS/tasks.o
 .text.xTaskGetCurrentTaskHandle
                0x00000000        0xa OS/FreeRTOS/tasks.o
 .text.uxTaskResetEventItemValue
                0x00000000       0x2e OS/FreeRTOS/tasks.o
 .text.ulTaskNotifyTake
                0x00000000       0xae OS/FreeRTOS/tasks.o
 .text.xTaskNotifyWait
                0x00000000      0x108 OS/FreeRTOS/tasks.o
 .text.xTaskGenericNotify
                0x00000000       0xfc OS/FreeRTOS/tasks.o
 .text.xTaskGenericNotifyFromISR
                0x00000000      0x120 OS/FreeRTOS/tasks.o
 .text.vTaskNotifyGiveFromISR
                0x00000000       0xb4 OS/FreeRTOS/tasks.o
 .text.xTaskNotifyStateClear
                0x00000000       0x28 OS/FreeRTOS/tasks.o
 .text          0x00000000        0x0 OS/FreeRTOS/timers.o
 .data          0x00000000        0x0 OS/FreeRTOS/timers.o
 .bss           0x00000000        0x0 OS/FreeRTOS/timers.o
 .debug_info    0x00000000       0x64 OS/FreeRTOS/timers.o
 .debug_abbrev  0x00000000       0x26 OS/FreeRTOS/timers.o
 .debug_aranges
                0x00000000       0x18 OS/FreeRTOS/timers.o
 .debug_line    0x00000000       0x1a OS/FreeRTOS/timers.o
 .debug_str     0x00000000      0x194 OS/FreeRTOS/timers.o
 .comment       0x00000000       0x31 OS/FreeRTOS/timers.o
 .text          0x00000000        0x0 c:/program files (x86)/atmel/studio/7.0/toolchain/avr8/avr8-gnu-toolchain/bin/../lib/gcc/avr/5.4.0/avr5\libgcc.a(_mulsi3.o)
 .data          0x00000000        0x0 c:/program files (x86)/atmel/studio/7.0/toolchain/avr8/avr8-gnu-toolchain/bin/../lib/gcc/avr/5.4.0/avr5\libgcc.a(_mulsi3.o)
 .bss           0x00000000        0x0 c:/program files (x86)/atmel/studio/7.0/toolchain/avr8/avr8-gnu-toolchain/bin/../lib/gcc/avr/5.4.0/avr5\libgcc.a(_mulsi3.o)
 .text.libgcc.div
                0x00000000        0x0 c:/program files (x86)/atmel/studio/7.0/toolchain/avr8/avr8-gnu-toolchain/bin/../lib/gcc/avr/5.4.0/avr5\libgcc.a(_mulsi3.o)
 .text.libgcc   0x00000000        0x0 c:/program files (x86)/atmel/studio/7.0/toolchain/avr8/avr8-gnu-toolchain/bin/../lib/gcc/avr/5.4.0/avr5\libgcc.a(_mulsi3.o)
 .text.libgcc.prologue
                0x00000000        0x0 c:/program files (x86)/atmel/studio/7.0/toolchain/avr8/avr8-gnu-toolchain/bin/../lib/gcc/avr/5.4.0/avr5\libgcc.a(_mulsi3.o)
 .text.libgcc.builtins
                0x00000000        0x0 c:/program files (x86)/atmel/studio/7.0/toolchain/avr8/avr8-gnu-toolchain/bin/../lib/gcc/avr/5.4.0/avr5\libgcc.a(_mulsi3.o)
 .text.libgcc.fmul
                0x00000000        0x0 c:/program files (x86)/atmel/studio/7.0/toolchain/avr8/avr8-gnu-toolchain/bin/../lib/gcc/avr/5.4.0/avr5\libgcc.a(_mulsi3.o)
 .text.libgcc.fixed
                0x00000000        0x0 c:/program files (x86)/atmel/studio/7.0/toolchain/avr8/avr8-gnu-toolchain/bin/../lib/gcc/avr/5.4.0/avr5\libgcc.a(_mulsi3.o)
 .text          0x00000000        0x0 c:/program files (x86)/atmel/studio/7.0/toolchain/avr8/avr8-gnu-toolchain/bin/../lib/gcc/avr/5.4.0/avr5\libgcc.a(_divmodsi4.o)
 .data          0x00000000        0x0 c:/program files (x86)/atmel/studio/7.0/toolchain/avr8/avr8-gnu-toolchain/bin/../lib/gcc/avr/5.4.0/avr5\libgcc.a(_divmodsi4.o)
 .bss           0x00000000        0x0 c:/program files (x86)/atmel/studio/7.0/toolchain/avr8/avr8-gnu-toolchain/bin/../lib/gcc/avr/5.4.0/avr5\libgcc.a(_divmodsi4.o)
 .text.libgcc.mul
                0x00000000        0x0 c:/program files (x86)/atmel/studio/7.0/toolchain/avr8/avr8-gnu-toolchain/bin/../lib/gcc/avr/5.4.0/avr5\libgcc.a(_divmodsi4.o)
 .text.libgcc   0x00000000        0x0 c:/program files (x86)/atmel/studio/7.0/toolchain/avr8/avr8-gnu-toolchain/bin/../lib/gcc/avr/5.4.0/avr5\libgcc.a(_divmodsi4.o)
 .text.libgcc.prologue
                0x00000000        0x0 c:/program files (x86)/atmel/studio/7.0/toolchain/avr8/avr8-gnu-toolchain/bin/../lib/gcc/avr/5.4.0/avr5\libgcc.a(_divmodsi4.o)
 .text.libgcc.builtins
                0x00000000        0x0 c:/program files (x86)/atmel/studio/7.0/toolchain/avr8/avr8-gnu-toolchain/bin/../lib/gcc/avr/5.4.0/avr5\libgcc.a(_divmodsi4.o)
 .text.libgcc.fmul
                0x00000000        0x0 c:/program files (x86)/atmel/studio/7.0/toolchain/avr8/avr8-gnu-toolchain/bin/../lib/gcc/avr/5.4.0/avr5\libgcc.a(_divmodsi4.o)
 .text.libgcc.fixed
                0x00000000        0x0 c:/program files (x86)/atmel/studio/7.0/toolchain/avr8/avr8-gnu-toolchain/bin/../lib/gcc/avr/5.4.0/avr5\libgcc.a(_divmodsi4.o)
 .text          0x00000000        0x0 c:/program files (x86)/atmel/studio/7.0/toolchain/avr8/avr8-gnu-toolchain/bin/../lib/gcc/avr/5.4.0/avr5\libgcc.a(_negsi2.o)
 .data          0x00000000        0x0 c:/program files (x86)/atmel/studio/7.0/toolchain/avr8/avr8-gnu-toolchain/bin/../lib/gcc/avr/5.4.0/avr5\libgcc.a(_negsi2.o)
 .bss           0x00000000        0x0 c:/program files (x86)/atmel/studio/7.0/toolchain/avr8/avr8-gnu-toolchain/bin/../lib/gcc/avr/5.4.0/avr5\libgcc.a(_negsi2.o)
 .text.libgcc.mul
                0x00000000        0x0 c:/program files (x86)/atmel/studio/7.0/toolchain/avr8/avr8-gnu-toolchain/bin/../lib/gcc/avr/5.4.0/avr5\libgcc.a(_negsi2.o)
 .text.libgcc   0x00000000        0x0 c:/program files (x86)/atmel/studio/7.0/toolchain/avr8/avr8-gnu-toolchain/bin/../lib/gcc/avr/5.4.0/avr5\libgcc.a(_negsi2.o)
 .text.libgcc.prologue
                0x00000000        0x0 c:/program files (x86)/atmel/studio/7.0/toolchain/avr8/avr8-gnu-toolchain/bin/../lib/gcc/avr/5.4.0/avr5\libgcc.a(_negsi2.o)
 .text.libgcc.builtins
                0x00000000        0x0 c:/program files (x86)/atmel/studio/7.0/toolchain/avr8/avr8-gnu-toolchain/bin/../lib/gcc/avr/5.4.0/avr5\libgcc.a(_negsi2.o)
 .text.libgcc.fmul
                0x00000000        0x0 c:/program files (x86)/atmel/studio/7.0/toolchain/avr8/avr8-gnu-toolchain/bin/../lib/gcc/avr/5.4.0/avr5\libgcc.a(_negsi2.o)
 .text.libgcc.fixed
                0x00000000        0x0 c:/program files (x86)/atmel/studio/7.0/toolchain/avr8/avr8-gnu-toolchain/bin/../lib/gcc/avr/5.4.0/avr5\libgcc.a(_negsi2.o)
 .text          0x00000000        0x0 c:/program files (x86)/atmel/studio/7.0/toolchain/avr8/avr8-gnu-toolchain/bin/../lib/gcc/avr/5.4.0/avr5\libgcc.a(_exit.o)
 .data          0x00000000        0x0 c:/program files (x86)/atmel/studio/7.0/toolchain/avr8/avr8-gnu-toolchain/bin/../lib/gcc/avr/5.4.0/avr5\libgcc.a(_exit.o)
 .bss           0x00000000        0x0 c:/program files (x86)/atmel/studio/7.0/toolchain/avr8/avr8-gnu-toolchain/bin/../lib/gcc/avr/5.4.0/avr5\libgcc.a(_exit.o)
 .text.libgcc.mul
                0x00000000        0x0 c:/program files (x86)/atmel/studio/7.0/toolchain/avr8/avr8-gnu-toolchain/bin/../lib/gcc/avr/5.4.0/avr5\libgcc.a(_exit.o)
 .text.libgcc.div
                0x00000000        0x0 c:/program files (x86)/atmel/studio/7.0/toolchain/avr8/avr8-gnu-toolchain/bin/../lib/gcc/avr/5.4.0/avr5\libgcc.a(_exit.o)
 .text.libgcc   0x00000000        0x0 c:/program files (x86)/atmel/studio/7.0/toolchain/avr8/avr8-gnu-toolchain/bin/../lib/gcc/avr/5.4.0/avr5\libgcc.a(_exit.o)
 .text.libgcc.prologue
                0x00000000        0x0 c:/program files (x86)/atmel/studio/7.0/toolchain/avr8/avr8-gnu-toolchain/bin/../lib/gcc/avr/5.4.0/avr5\libgcc.a(_exit.o)
 .text.libgcc.builtins
                0x00000000        0x0 c:/program files (x86)/atmel/studio/7.0/toolchain/avr8/avr8-gnu-toolchain/bin/../lib/gcc/avr/5.4.0/avr5\libgcc.a(_exit.o)
 .text.libgcc.fmul
                0x00000000        0x0 c:/program files (x86)/atmel/studio/7.0/toolchain/avr8/avr8-gnu-toolchain/bin/../lib/gcc/avr/5.4.0/avr5\libgcc.a(_exit.o)
 .text.libgcc.fixed
                0x00000000        0x0 c:/program files (x86)/atmel/studio/7.0/toolchain/avr8/avr8-gnu-toolchain/bin/../lib/gcc/avr/5.4.0/avr5\libgcc.a(_exit.o)
 .text          0x00000000        0x0 c:/program files (x86)/atmel/studio/7.0/toolchain/avr8/avr8-gnu-toolchain/bin/../lib/gcc/avr/5.4.0/avr5\libgcc.a(_copy_data.o)
 .data          0x00000000        0x0 c:/program files (x86)/atmel/studio/7.0/toolchain/avr8/avr8-gnu-toolchain/bin/../lib/gcc/avr/5.4.0/avr5\libgcc.a(_copy_data.o)
 .bss           0x00000000        0x0 c:/program files (x86)/atmel/studio/7.0/toolchain/avr8/avr8-gnu-toolchain/bin/../lib/gcc/avr/5.4.0/avr5\libgcc.a(_copy_data.o)
 .text.libgcc.mul
                0x00000000        0x0 c:/program files (x86)/atmel/studio/7.0/toolchain/avr8/avr8-gnu-toolchain/bin/../lib/gcc/avr/5.4.0/avr5\libgcc.a(_copy_data.o)
 .text.libgcc.div
                0x00000000        0x0 c:/program files (x86)/atmel/studio/7.0/toolchain/avr8/avr8-gnu-toolchain/bin/../lib/gcc/avr/5.4.0/avr5\libgcc.a(_copy_data.o)
 .text.libgcc   0x00000000        0x0 c:/program files (x86)/atmel/studio/7.0/toolchain/avr8/avr8-gnu-toolchain/bin/../lib/gcc/avr/5.4.0/avr5\libgcc.a(_copy_data.o)
 .text.libgcc.prologue
                0x00000000        0x0 c:/program files (x86)/atmel/studio/7.0/toolchain/avr8/avr8-gnu-toolchain/bin/../lib/gcc/avr/5.4.0/avr5\libgcc.a(_copy_data.o)
 .text.libgcc.builtins
                0x00000000        0x0 c:/program files (x86)/atmel/studio/7.0/toolchain/avr8/avr8-gnu-toolchain/bin/../lib/gcc/avr/5.4.0/avr5\libgcc.a(_copy_data.o)
 .text.libgcc.fmul
                0x00000000        0x0 c:/program files (x86)/atmel/studio/7.0/toolchain/avr8/avr8-gnu-toolchain/bin/../lib/gcc/avr/5.4.0/avr5\libgcc.a(_copy_data.o)
 .text.libgcc.fixed
                0x00000000        0x0 c:/program files (x86)/atmel/studio/7.0/toolchain/avr8/avr8-gnu-toolchain/bin/../lib/gcc/avr/5.4.0/avr5\libgcc.a(_copy_data.o)
 .text          0x00000000        0x0 c:/program files (x86)/atmel/studio/7.0/toolchain/avr8/avr8-gnu-toolchain/bin/../lib/gcc/avr/5.4.0/avr5\libgcc.a(_clear_bss.o)
 .data          0x00000000        0x0 c:/program files (x86)/atmel/studio/7.0/toolchain/avr8/avr8-gnu-toolchain/bin/../lib/gcc/avr/5.4.0/avr5\libgcc.a(_clear_bss.o)
 .bss           0x00000000        0x0 c:/program files (x86)/atmel/studio/7.0/toolchain/avr8/avr8-gnu-toolchain/bin/../lib/gcc/avr/5.4.0/avr5\libgcc.a(_clear_bss.o)
 .text.libgcc.mul
                0x00000000        0x0 c:/program files (x86)/atmel/studio/7.0/toolchain/avr8/avr8-gnu-toolchain/bin/../lib/gcc/avr/5.4.0/avr5\libgcc.a(_clear_bss.o)
 .text.libgcc.div
                0x00000000        0x0 c:/program files (x86)/atmel/studio/7.0/toolchain/avr8/avr8-gnu-toolchain/bin/../lib/gcc/avr/5.4.0/avr5\libgcc.a(_clear_bss.o)
 .text.libgcc   0x00000000        0x0 c:/program files (x86)/atmel/studio/7.0/toolchain/avr8/avr8-gnu-toolchain/bin/../lib/gcc/avr/5.4.0/avr5\libgcc.a(_clear_bss.o)
 .text.libgcc.prologue
                0x00000000        0x0 c:/program files (x86)/atmel/studio/7.0/toolchain/avr8/avr8-gnu-toolchain/bin/../lib/gcc/avr/5.4.0/avr5\libgcc.a(_clear_bss.o)
 .text.libgcc.builtins
                0x00000000        0x0 c:/program files (x86)/atmel/studio/7.0/toolchain/avr8/avr8-gnu-toolchain/bin/../lib/gcc/avr/5.4.0/avr5\libgcc.a(_clear_bss.o)
 .text.libgcc.fmul
                0x00000000        0x0 c:/program files (x86)/atmel/studio/7.0/toolchain/avr8/avr8-gnu-toolchain/bin/../lib/gcc/avr/5.4.0/avr5\libgcc.a(_clear_bss.o)
 .text.libgcc.fixed
                0x00000000        0x0 c:/program files (x86)/atmel/studio/7.0/toolchain/avr8/avr8-gnu-toolchain/bin/../lib/gcc/avr/5.4.0/avr5\libgcc.a(_clear_bss.o)
 .text          0x00000000        0x0 c:/program files (x86)/atmel/studio/7.0/toolchain/avr8/avr8-gnu-toolchain/bin/../lib/gcc/avr/5.4.0/avr5\libgcc.a(_muluhisi3.o)
 .data          0x00000000        0x0 c:/program files (x86)/atmel/studio/7.0/toolchain/avr8/avr8-gnu-toolchain/bin/../lib/gcc/avr/5.4.0/avr5\libgcc.a(_muluhisi3.o)
 .bss           0x00000000        0x0 c:/program files (x86)/atmel/studio/7.0/toolchain/avr8/avr8-gnu-toolchain/bin/../lib/gcc/avr/5.4.0/avr5\libgcc.a(_muluhisi3.o)
 .text.libgcc.div
                0x00000000        0x0 c:/program files (x86)/atmel/studio/7.0/toolchain/avr8/avr8-gnu-toolchain/bin/../lib/gcc/avr/5.4.0/avr5\libgcc.a(_muluhisi3.o)
 .text.libgcc   0x00000000        0x0 c:/program files (x86)/atmel/studio/7.0/toolchain/avr8/avr8-gnu-toolchain/bin/../lib/gcc/avr/5.4.0/avr5\libgcc.a(_muluhisi3.o)
 .text.libgcc.prologue
                0x00000000        0x0 c:/program files (x86)/atmel/studio/7.0/toolchain/avr8/avr8-gnu-toolchain/bin/../lib/gcc/avr/5.4.0/avr5\libgcc.a(_muluhisi3.o)
 .text.libgcc.builtins
                0x00000000        0x0 c:/program files (x86)/atmel/studio/7.0/toolchain/avr8/avr8-gnu-toolchain/bin/../lib/gcc/avr/5.4.0/avr5\libgcc.a(_muluhisi3.o)
 .text.libgcc.fmul
                0x00000000        0x0 c:/program files (x86)/atmel/studio/7.0/toolchain/avr8/avr8-gnu-toolchain/bin/../lib/gcc/avr/5.4.0/avr5\libgcc.a(_muluhisi3.o)
 .text.libgcc.fixed
                0x00000000        0x0 c:/program files (x86)/atmel/studio/7.0/toolchain/avr8/avr8-gnu-toolchain/bin/../lib/gcc/avr/5.4.0/avr5\libgcc.a(_muluhisi3.o)
 .text          0x00000000        0x0 c:/program files (x86)/atmel/studio/7.0/toolchain/avr8/avr8-gnu-toolchain/bin/../lib/gcc/avr/5.4.0/avr5\libgcc.a(_udivmodsi4.o)
 .data          0x00000000        0x0 c:/program files (x86)/atmel/studio/7.0/toolchain/avr8/avr8-gnu-toolchain/bin/../lib/gcc/avr/5.4.0/avr5\libgcc.a(_udivmodsi4.o)
 .bss           0x00000000        0x0 c:/program files (x86)/atmel/studio/7.0/toolchain/avr8/avr8-gnu-toolchain/bin/../lib/gcc/avr/5.4.0/avr5\libgcc.a(_udivmodsi4.o)
 .text.libgcc.mul
                0x00000000        0x0 c:/program files (x86)/atmel/studio/7.0/toolchain/avr8/avr8-gnu-toolchain/bin/../lib/gcc/avr/5.4.0/avr5\libgcc.a(_udivmodsi4.o)
 .text.libgcc   0x00000000        0x0 c:/program files (x86)/atmel/studio/7.0/toolchain/avr8/avr8-gnu-toolchain/bin/../lib/gcc/avr/5.4.0/avr5\libgcc.a(_udivmodsi4.o)
 .text.libgcc.prologue
                0x00000000        0x0 c:/program files (x86)/atmel/studio/7.0/toolchain/avr8/avr8-gnu-toolchain/bin/../lib/gcc/avr/5.4.0/avr5\libgcc.a(_udivmodsi4.o)
 .text.libgcc.builtins
                0x00000000        0x0 c:/program files (x86)/atmel/studio/7.0/toolchain/avr8/avr8-gnu-toolchain/bin/../lib/gcc/avr/5.4.0/avr5\libgcc.a(_udivmodsi4.o)
 .text.libgcc.fmul
                0x00000000        0x0 c:/program files (x86)/atmel/studio/7.0/toolchain/avr8/avr8-gnu-toolchain/bin/../lib/gcc/avr/5.4.0/avr5\libgcc.a(_udivmodsi4.o)
 .text.libgcc.fixed
                0x00000000        0x0 c:/program files (x86)/atmel/studio/7.0/toolchain/avr8/avr8-gnu-toolchain/bin/../lib/gcc/avr/5.4.0/avr5\libgcc.a(_udivmodsi4.o)
 .text          0x00000000        0x0 c:/program files (x86)/atmel/studio/7.0/toolchain/avr8/avr8-gnu-toolchain/bin/../lib/gcc/avr/5.4.0/avr5\libgcc.a(_umulhisi3.o)
 .data          0x00000000        0x0 c:/program files (x86)/atmel/studio/7.0/toolchain/avr8/avr8-gnu-toolchain/bin/../lib/gcc/avr/5.4.0/avr5\libgcc.a(_umulhisi3.o)
 .bss           0x00000000        0x0 c:/program files (x86)/atmel/studio/7.0/toolchain/avr8/avr8-gnu-toolchain/bin/../lib/gcc/avr/5.4.0/avr5\libgcc.a(_umulhisi3.o)
 .text.libgcc.div
                0x00000000        0x0 c:/program files (x86)/atmel/studio/7.0/toolchain/avr8/avr8-gnu-toolchain/bin/../lib/gcc/avr/5.4.0/avr5\libgcc.a(_umulhisi3.o)
 .text.libgcc   0x00000000        0x0 c:/program files (x86)/atmel/studio/7.0/toolchain/avr8/avr8-gnu-toolchain/bin/../lib/gcc/avr/5.4.0/avr5\libgcc.a(_umulhisi3.o)
 .text.libgcc.prologue
                0x00000000        0x0 c:/program files (x86)/atmel/studio/7.0/toolchain/avr8/avr8-gnu-toolchain/bin/../lib/gcc/avr/5.4.0/avr5\libgcc.a(_umulhisi3.o)
 .text.libgcc.builtins
                0x00000000        0x0 c:/program files (x86)/atmel/studio/7.0/toolchain/avr8/avr8-gnu-toolchain/bin/../lib/gcc/avr/5.4.0/avr5\libgcc.a(_umulhisi3.o)
 .text.libgcc.fmul
                0x00000000        0x0 c:/program files (x86)/atmel/studio/7.0/toolchain/avr8/avr8-gnu-toolchain/bin/../lib/gcc/avr/5.4.0/avr5\libgcc.a(_umulhisi3.o)
 .text.libgcc.fixed
                0x00000000        0x0 c:/program files (x86)/atmel/studio/7.0/toolchain/avr8/avr8-gnu-toolchain/bin/../lib/gcc/avr/5.4.0/avr5\libgcc.a(_umulhisi3.o)
 .text          0x00000000        0x0 c:/program files (x86)/atmel/studio/7.0/toolchain/avr8/avr8-gnu-toolchain/bin/../lib/gcc/avr/5.4.0/../../../../avr/lib/avr5\libc.a(memcpy.o)
 .data          0x00000000        0x0 c:/program files (x86)/atmel/studio/7.0/toolchain/avr8/avr8-gnu-toolchain/bin/../lib/gcc/avr/5.4.0/../../../../avr/lib/avr5\libc.a(memcpy.o)
 .bss           0x00000000        0x0 c:/program files (x86)/atmel/studio/7.0/toolchain/avr8/avr8-gnu-toolchain/bin/../lib/gcc/avr/5.4.0/../../../../avr/lib/avr5\libc.a(memcpy.o)

Memory Configuration

Name             Origin             Length             Attributes
text             0x00000000         0x00020000         xr
data             0x00800060         0x0000ffa0         rw !x
eeprom           0x00810000         0x00010000         rw !x
fuse             0x00820000         0x00000002         rw !x
lock             0x00830000         0x00000400         rw !x
signature        0x00840000         0x00000400         rw !x
user_signatures  0x00850000         0x00000400         rw !x
*default*        0x00000000         0xffffffff

Linker script and memory map

LOAD C:/Program Files (x86)/Atmel/Studio/7.0/Packs/atmel/ATmega_DFP/1.2.209/gcc/dev/atmega32/avr5/crtatmega32.o
LOAD APP/Calculator/Calculator.o
LOAD APP/CFGH/HAL_CFG/KeyPad_LCFG.o
LOAD APP/CFGH/HAL_CFG/LCD_CFG.o
LOAD APP/CFGH/MCAL_CFG/PORT_LCFG.o
LOAD APP/MAIN/main.o
LOAD HAL/KeyPad/KeyPad_Core.o
LOAD HAL/LCD/LCD_Core.o
LOAD MCAL/DIO/DIO_Core.o
LOAD MCAL/PORT/PORT_Core.o
LOAD OS/FreeRTOS/croutine.o
LOAD OS/FreeRTOS/event_groups.o
LOAD OS/FreeRTOS/heap_1.o
LOAD OS/FreeRTOS/list.o
LOAD OS/FreeRTOS/port.o
LOAD OS/FreeRTOS/queue.o
LOAD OS/FreeRTOS/stream_buffer.o
LOAD OS/FreeRTOS/tasks.o
LOAD OS/FreeRTOS/timers.o
START GROUP
LOAD c:/program files (x86)/atmel/studio/7.0/toolchain/avr8/avr8-gnu-toolchain/bin/../lib/gcc/avr/5.4.0/../../../../avr/lib/avr5\libm.a
END GROUP
START GROUP
LOAD c:/program files (x86)/atmel/studio/7.0/toolchain/avr8/avr8-gnu-toolchain/bin/../lib/gcc/avr/5.4.0/avr5\libgcc.a
LOAD c:/program files (x86)/atmel/studio/7.0/toolchain/avr8/avr8-gnu-toolchain/bin/../lib/gcc/avr/5.4.0/../../../../avr/lib/avr5\libm.a
LOAD c:/program files (x86)/atmel/studio/7.0/toolchain/avr8/avr8-gnu-toolchain/bin/../lib/gcc/avr/5.4.0/../../../../avr/lib/avr5\libc.a
LOAD C:/Program Files (x86)/Atmel/Studio/7.0/Packs/atmel/ATmega_DFP/1.2.209/gcc/dev/atmega32/avr5\libatmega32.a
END GROUP
                0x00020000                __TEXT_REGION_LENGTH__ = DEFINED (__TEXT_REGION_LENGTH__)?__TEXT_REGION_LENGTH__:0x20000
                0x0000ffa0                __DATA_REGION_LENGTH__ = DEFINED (__DATA_REGION_LENGTH__)?__DATA_REGION_LENGTH__:0xffa0
                0x00010000                __EEPROM_REGION_LENGTH__ = DEFINED (__EEPROM_REGION_LENGTH__)?__EEPROM_REGION_LENGTH__:0x10000
                [0x00000002]                __FUSE_REGION_LENGTH__ = DEFINED (__FUSE_REGION_LENGTH__)?__FUSE_REGION_LENGTH__:0x400
                0x00000400                __LOCK_REGION_LENGTH__ = DEFINED (__LOCK_REGION_LENGTH__)?__LOCK_REGION_LENGTH__:0x400
                0x00000400                __SIGNATURE_REGION_LENGTH__ = DEFINED (__SIGNATURE_REGION_LENGTH__)?__SIGNATURE_REGION_LENGTH__:0x400
                0x00000400                __USER_SIGNATURE_REGION_LENGTH__ = DEFINED (__USER_SIGNATURE_REGION_LENGTH__)?__USER_SIGNATURE_REGION_LENGTH__:0x400

.hash
 *(.hash)

.dynsym
 *(.dynsym)

.dynstr
 *(.dynstr)

.gnu.version
 *(.gnu.version)

.gnu.version_d
 *(.gnu.version_d)

.gnu.version_r
 *(.gnu.version_r)

.rel.init
 *(.rel.init)

.rela.init
 *(.rela.init)

.rel.text
 *(.rel.text)
 *(.rel.text.*)
 *(.rel.gnu.linkonce.t*)

.rela.text
 *(.rela.text)
 *(.rela.text.*)
 *(.rela.gnu.linkonce.t*)

.rel.fini
 *(.rel.fini)

.rela.fini
 *(.rela.fini)

.rel.rodata
 *(.rel.rodata)
 *(.rel.rodata.*)
 *(.rel.gnu.linkonce.r*)

.rela.rodata
 *(.rela.rodata)
 *(.rela.rodata.*)
 *(.rela.gnu.linkonce.r*)

.rel.data
 *(.rel.data)
 *(.rel.data.*)
 *(.rel.gnu.linkonce.d*)

.rela.data
 *(.rela.data)
 *(.rela.data.*)
 *(.rela.gnu.linkonce.d*)

.rel.ctors
 *(.rel.ctors)

.rela.ctors
 *(.rela.ctors)

.rel.dtors
 *(.rel.dtors)

.rela.dtors
 *(.rela.dtors)

.rel.got
 *(.rel.got)

.rela.got
 *(.rela.got)

.rel.bss
 *(.rel.bss)

.rela.bss
 *(.rela.bss)

.rel.plt
 *(.rel.plt)

.rela.plt
 *(.rela.plt)

.text           0x00000000     0x20ac
 *(.vectors)
 .vectors       0x00000000       0x54 C:/Program Files (x86)/Atmel/Studio/7.0/Packs/atmel/ATmega_DFP/1.2.209/gcc/dev/atmega32/avr5/crtatmega32.o
                0x00000000                __vector_default
                0x00000000                __vectors
 *(.vectors)
 *(.progmem.gcc*)
                0x00000054                . = ALIGN (0x2)
                0x00000054                __trampolines_start = .
 *(.trampolines)
 .trampolines   0x00000054        0x0 linker stubs
 *(.trampolines*)
                0x00000054                __trampolines_end = .
 *libprintf_flt.a:*(.progmem.data)
 *libc.a:*(.progmem.data)
 *(.progmem*)
                0x00000054                . = ALIGN (0x2)
 *(.jumptables)
 *(.jumptables*)
 *(.lowtext)
 *(.lowtext*)
                0x00000054                __ctors_start = .
 *(.ctors)
                0x00000054                __ctors_end = .
                0x00000054                __dtors_start = .
 *(.dtors)
                0x00000054                __dtors_end = .
 SORT(*)(.ctors)
 SORT(*)(.dtors)
 *(.init0)
 .init0         0x00000054        0x0 C:/Program Files (x86)/Atmel/Studio/7.0/Packs/atmel/ATmega_DFP/1.2.209/gcc/dev/atmega32/avr5/crtatmega32.o
                0x00000054                __init
 *(.init0)
 *(.init1)
 *(.init1)
 *(.init2)
 .init2         0x00000054        0xc C:/Program Files (x86)/Atmel/Studio/7.0/Packs/atmel/ATmega_DFP/1.2.209/gcc/dev/atmega32/avr5/crtatmega32.o
 *(.init2)
 *(.init3)
 *(.init3)
 *(.init4)
 .init4         0x00000060       0x16 c:/program files (x86)/atmel/studio/7.0/toolchain/avr8/avr8-gnu-toolchain/bin/../lib/gcc/avr/5.4.0/avr5\libgcc.a(_copy_data.o)
                0x00000060                __do_copy_data
 .init4         0x00000076       0x10 c:/program files (x86)/atmel/studio/7.0/toolchain/avr8/avr8-gnu-toolchain/bin/../lib/gcc/avr/5.4.0/avr5\libgcc.a(_clear_bss.o)
                0x00000076                __do_clear_bss
 *(.init4)
 *(.init5)
 *(.init5)
 *(.init6)
 *(.init6)
 *(.init7)
 *(.init7)
 *(.init8)
 *(.init8)
 *(.init9)
 .init9         0x00000086        0x8 C:/Program Files (x86)/Atmel/Studio/7.0/Packs/atmel/ATmega_DFP/1.2.209/gcc/dev/atmega32/avr5/crtatmega32.o
 *(.init9)
 *(.text)
 .text          0x0000008e        0x4 C:/Program Files (x86)/Atmel/Studio/7.0/Packs/atmel/ATmega_DFP/1.2.209/gcc/dev/atmega32/avr5/crtatmega32.o
                0x0000008e                __vector_1
                0x0000008e                __vector_12
                0x0000008e                __bad_interrupt
                0x0000008e                __vector_6
                0x0000008e                __vector_3
                0x0000008e                __vector_11
                0x0000008e                __vector_13
                0x0000008e                __vector_17
                0x0000008e                __vector_19
                0x0000008e                __vector_5
                0x0000008e                __vector_4
                0x0000008e                __vector_9
                0x0000008e                __vector_2
                0x0000008e                __vector_15
                0x0000008e                __vector_8
                0x0000008e                __vector_14
                0x0000008e                __vector_10
                0x0000008e                __vector_16
                0x0000008e                __vector_18
                0x0000008e                __vector_20
                0x00000092                . = ALIGN (0x2)
 *(.text.*)
 .text.Tasks_Init
                0x00000092       0x88 APP/Calculator/Calculator.o
                0x00000092                Tasks_Init
 .text.Task2_LCDDisplay
                0x0000011a       0xb6 APP/Calculator/Calculator.o
                0x0000011a                Task2_LCDDisplay
 .text.Clear_Button
                0x000001d0       0x50 APP/Calculator/Calculator.o
                0x000001d0                Clear_Button
 .text.Operations_Buttons
                0x00000220       0x24 APP/Calculator/Calculator.o
                0x00000220                Operations_Buttons
 .text.Numbers_Buttons
                0x00000244       0x62 APP/Calculator/Calculator.o
                0x00000244                Numbers_Buttons
 .text.Division_By_Zero
                0x000002a6       0x4c APP/Calculator/Calculator.o
                0x000002a6                Division_By_Zero
 .text.Multiplication
                0x000002f2       0xac APP/Calculator/Calculator.o
                0x000002f2                Multiplication
 .text.Division
                0x0000039e       0xc0 APP/Calculator/Calculator.o
                0x0000039e                Division
 .text.MulDiv_Sequence
                0x0000045e      0x152 APP/Calculator/Calculator.o
                0x0000045e                MulDiv_Sequence
 .text.SumSub_Sequence
                0x000005b0       0x8c APP/Calculator/Calculator.o
                0x000005b0                SumSub_Sequence
 .text.Calculate
                0x0000063c       0x16 APP/Calculator/Calculator.o
                0x0000063c                Calculate
 .text.Task1_KeyPad_GetValue
                0x00000652       0x6a APP/Calculator/Calculator.o
                0x00000652                Task1_KeyPad_GetValue
 .text.App      0x000006bc       0x78 APP/Calculator/Calculator.o
                0x000006bc                App
 .text.main     0x00000734        0x6 APP/MAIN/main.o
                0x00000734                main
 .text.KeyPad_Init
                0x0000073a       0x22 HAL/KeyPad/KeyPad_Core.o
                0x0000073a                KeyPad_Init
 .text.KeyPad_GetValue
                0x0000075c       0x7e HAL/KeyPad/KeyPad_Core.o
                0x0000075c                KeyPad_GetValue
 .text.LCD_WriteCommand
                0x000007da       0xbc HAL/LCD/LCD_Core.o
                0x000007da                LCD_WriteCommand
 .text.LCD_Init
                0x00000896       0x38 HAL/LCD/LCD_Core.o
                0x00000896                LCD_Init
 .text.LCD_WriteChar
                0x000008ce       0xbc HAL/LCD/LCD_Core.o
                0x000008ce                LCD_WriteChar
 .text.LCD_WriteString
                0x0000098a       0x38 HAL/LCD/LCD_Core.o
                0x0000098a                LCD_WriteString
 .text.LCD_WriteInteger
                0x000009c2      0x122 HAL/LCD/LCD_Core.o
                0x000009c2                LCD_WriteInteger
 .text.LCD_GoTo
                0x00000ae4       0x36 HAL/LCD/LCD_Core.o
                0x00000ae4                LCD_GoTo
 .text.LCD_Clear
                0x00000b1a       0x14 HAL/LCD/LCD_Core.o
                0x00000b1a                LCD_Clear
 .text.DIO_WriteChannel
                0x00000b2e      0x10e MCAL/DIO/DIO_Core.o
                0x00000b2e                DIO_WriteChannel
 .text.DIO_ReadChannel
                0x00000c3c       0x66 MCAL/DIO/DIO_Core.o
                0x00000c3c                DIO_ReadChannel
 .text.PORT_Init
                0x00000ca2      0x106 MCAL/PORT/PORT_Core.o
                0x00000ca2                PORT_Init
 .text.pvPortMalloc
                0x00000da8       0x6a OS/FreeRTOS/heap_1.o
                0x00000da8                pvPortMalloc
 .text.vPortFree
                0x00000e12        0x2 OS/FreeRTOS/heap_1.o
                0x00000e12                vPortFree
 .text.vListInitialise
                0x00000e14       0x1c OS/FreeRTOS/list.o
                0x00000e14                vListInitialise
 .text.vListInitialiseItem
                0x00000e30        0x8 OS/FreeRTOS/list.o
                0x00000e30                vListInitialiseItem
 .text.vListInsertEnd
                0x00000e38       0x42 OS/FreeRTOS/list.o
                0x00000e38                vListInsertEnd
 .text.vListInsert
                0x00000e7a       0x62 OS/FreeRTOS/list.o
                0x00000e7a                vListInsert
 .text.uxListRemove
                0x00000edc       0x4e OS/FreeRTOS/list.o
                0x00000edc                uxListRemove
 .text.pxPortInitialiseStack
                0x00000f2a       0xd8 OS/FreeRTOS/port.o
                0x00000f2a                pxPortInitialiseStack
 .text.xPortStartScheduler
                0x00001002       0x6a OS/FreeRTOS/port.o
                0x00001002                xPortStartScheduler
 .text.vPortYield
                0x0000106c       0xb2 OS/FreeRTOS/port.o
                0x0000106c                vPortYield
 .text.vPortYieldFromTick
                0x0000111e       0xb8 OS/FreeRTOS/port.o
                0x0000111e                vPortYieldFromTick
 .text.__vector_7
                0x000011d6        0x6 OS/FreeRTOS/port.o
                0x000011d6                __vector_7
 .text.prvIsQueueEmpty
                0x000011dc       0x16 OS/FreeRTOS/queue.o
 .text.prvCopyDataToQueue
                0x000011f2       0x92 OS/FreeRTOS/queue.o
 .text.prvCopyDataFromQueue
                0x00001284       0x34 OS/FreeRTOS/queue.o
 .text.prvUnlockQueue
                0x000012b8       0x9a OS/FreeRTOS/queue.o
 .text.xQueueGenericReset
                0x00001352       0x8c OS/FreeRTOS/queue.o
                0x00001352                xQueueGenericReset
 .text.xQueueGenericCreate
                0x000013de       0x5a OS/FreeRTOS/queue.o
                0x000013de                xQueueGenericCreate
 .text.xQueueGenericSend
                0x00001438      0x142 OS/FreeRTOS/queue.o
                0x00001438                xQueueGenericSend
 .text.xQueueReceive
                0x0000157a      0x132 OS/FreeRTOS/queue.o
                0x0000157a                xQueueReceive
 .text.prvResetNextTaskUnblockTime
                0x000016ac       0x3e OS/FreeRTOS/tasks.o
 .text.prvIdleTask
                0x000016ea       0x58 OS/FreeRTOS/tasks.o
 .text.prvAddCurrentTaskToDelayedList
                0x00001742       0xb0 OS/FreeRTOS/tasks.o
 .text.xTaskCreate
                0x000017f2      0x224 OS/FreeRTOS/tasks.o
                0x000017f2                xTaskCreate
 .text.vTaskStartScheduler
                0x00001a16       0x54 OS/FreeRTOS/tasks.o
                0x00001a16                vTaskStartScheduler
 .text.vTaskSuspendAll
                0x00001a6a        0xc OS/FreeRTOS/tasks.o
                0x00001a6a                vTaskSuspendAll
 .text.xTaskIncrementTick
                0x00001a76      0x176 OS/FreeRTOS/tasks.o
                0x00001a76                xTaskIncrementTick
 .text.xTaskResumeAll
                0x00001bec       0xfe OS/FreeRTOS/tasks.o
                0x00001bec                xTaskResumeAll
 .text.vTaskDelay
                0x00001cea       0x28 OS/FreeRTOS/tasks.o
                0x00001cea                vTaskDelay
 .text.vTaskSwitchContext
                0x00001d12       0xcc OS/FreeRTOS/tasks.o
                0x00001d12                vTaskSwitchContext
 .text.vTaskSuspend
                0x00001dde       0xa4 OS/FreeRTOS/tasks.o
                0x00001dde                vTaskSuspend
 .text.vTaskPlaceOnEventList
                0x00001e82       0x24 OS/FreeRTOS/tasks.o
                0x00001e82                vTaskPlaceOnEventList
 .text.xTaskRemoveFromEventList
                0x00001ea6       0x90 OS/FreeRTOS/tasks.o
                0x00001ea6                xTaskRemoveFromEventList
 .text.vTaskInternalSetTimeOutState
                0x00001f36       0x16 OS/FreeRTOS/tasks.o
                0x00001f36                vTaskInternalSetTimeOutState
 .text.xTaskCheckForTimeOut
                0x00001f4c       0x6c OS/FreeRTOS/tasks.o
                0x00001f4c                xTaskCheckForTimeOut
 .text.vTaskMissedYield
                0x00001fb8        0x8 OS/FreeRTOS/tasks.o
                0x00001fb8                vTaskMissedYield
 .text.libgcc.mul
                0x00001fc0       0x20 c:/program files (x86)/atmel/studio/7.0/toolchain/avr8/avr8-gnu-toolchain/bin/../lib/gcc/avr/5.4.0/avr5\libgcc.a(_mulsi3.o)
                0x00001fc0                __mulsi3
 .text.libgcc.div
                0x00001fe0       0x2e c:/program files (x86)/atmel/studio/7.0/toolchain/avr8/avr8-gnu-toolchain/bin/../lib/gcc/avr/5.4.0/avr5\libgcc.a(_divmodsi4.o)
                0x00001fe0                __divmodsi4
 .text.libgcc.div
                0x0000200e       0x10 c:/program files (x86)/atmel/studio/7.0/toolchain/avr8/avr8-gnu-toolchain/bin/../lib/gcc/avr/5.4.0/avr5\libgcc.a(_negsi2.o)
                0x0000200e                __negsi2
 .text.libgcc.mul
                0x0000201e       0x16 c:/program files (x86)/atmel/studio/7.0/toolchain/avr8/avr8-gnu-toolchain/bin/../lib/gcc/avr/5.4.0/avr5\libgcc.a(_muluhisi3.o)
                0x0000201e                __muluhisi3
 .text.libgcc.div
                0x00002034       0x44 c:/program files (x86)/atmel/studio/7.0/toolchain/avr8/avr8-gnu-toolchain/bin/../lib/gcc/avr/5.4.0/avr5\libgcc.a(_udivmodsi4.o)
                0x00002034                __udivmodsi4
 .text.libgcc.mul
                0x00002078       0x1e c:/program files (x86)/atmel/studio/7.0/toolchain/avr8/avr8-gnu-toolchain/bin/../lib/gcc/avr/5.4.0/avr5\libgcc.a(_umulhisi3.o)
                0x00002078                __umulhisi3
 .text.avr-libc
                0x00002096       0x12 c:/program files (x86)/atmel/studio/7.0/toolchain/avr8/avr8-gnu-toolchain/bin/../lib/gcc/avr/5.4.0/../../../../avr/lib/avr5\libc.a(memcpy.o)
                0x00002096                memcpy
                0x000020a8                . = ALIGN (0x2)
 *(.fini9)
 .fini9         0x000020a8        0x0 c:/program files (x86)/atmel/studio/7.0/toolchain/avr8/avr8-gnu-toolchain/bin/../lib/gcc/avr/5.4.0/avr5\libgcc.a(_exit.o)
                0x000020a8                _exit
                0x000020a8                exit
 *(.fini9)
 *(.fini8)
 *(.fini8)
 *(.fini7)
 *(.fini7)
 *(.fini6)
 *(.fini6)
 *(.fini5)
 *(.fini5)
 *(.fini4)
 *(.fini4)
 *(.fini3)
 *(.fini3)
 *(.fini2)
 *(.fini2)
 *(.fini1)
 *(.fini1)
 *(.fini0)
 .fini0         0x000020a8        0x4 c:/program files (x86)/atmel/studio/7.0/toolchain/avr8/avr8-gnu-toolchain/bin/../lib/gcc/avr/5.4.0/avr5\libgcc.a(_exit.o)
 *(.fini0)
                0x000020ac                _etext = .

.data           0x00800060       0x82 load address 0x000020ac
                0x00800060                PROVIDE (__data_start, .)
 *(.data)
 *(.data*)
 .data.PORT_Initialization
                0x00800060       0x24 APP/CFGH/MCAL_CFG/PORT_LCFG.o
                0x00800060                PORT_Initialization
 *(.gnu.linkonce.d*)
 *(.rodata)
 *(.rodata*)
 .rodata.str1.1
                0x00800084       0x48 APP/Calculator/Calculator.o
 .rodata.KeyPad_Values
                0x008000cc       0x10 APP/CFGH/HAL_CFG/KeyPad_LCFG.o
                0x008000cc                KeyPad_Values
 .rodata.str1.1
                0x008000dc        0x5 OS/FreeRTOS/tasks.o
 *(.gnu.linkonce.r*)
                0x008000e2                . = ALIGN (0x2)
 *fill*         0x008000e1        0x1 
                0x008000e2                _edata = .
                0x008000e2                PROVIDE (__data_end, .)

.bss            0x008000e2      0x69e
                0x008000e2                PROVIDE (__bss_start, .)
 *(.bss)
 *(.bss*)
 .bss.j         0x008000e2        0x1 APP/Calculator/Calculator.o
                0x008000e2                j
 .bss.i         0x008000e3        0x1 APP/Calculator/Calculator.o
                0x008000e3                i
 .bss.op_cntr   0x008000e4        0x1 APP/Calculator/Calculator.o
                0x008000e4                op_cntr
 .bss.num_cntr  0x008000e5        0x1 APP/Calculator/Calculator.o
                0x008000e5                num_cntr
 .bss.Division_By_Zero_Flag
                0x008000e6        0x1 APP/Calculator/Calculator.o
                0x008000e6                Division_By_Zero_Flag
 .bss.result    0x008000e7        0x4 APP/Calculator/Calculator.o
                0x008000e7                result
 .bss.Key_Value
                0x008000eb        0x1 APP/Calculator/Calculator.o
                0x008000eb                Key_Value
 .bss.Operations
                0x008000ec        0xa APP/Calculator/Calculator.o
                0x008000ec                Operations
 .bss.Numbers   0x008000f6       0x3c APP/Calculator/Calculator.o
                0x008000f6                Numbers
 .bss.Queue1_Handle
                0x00800132        0x2 APP/Calculator/Calculator.o
                0x00800132                Queue1_Handle
 .bss.Task_2_Handle
                0x00800134        0x2 APP/Calculator/Calculator.o
                0x00800134                Task_2_Handle
 .bss.Task_1_Handle
                0x00800136        0x2 APP/Calculator/Calculator.o
                0x00800136                Task_1_Handle
 .bss.Init_Task_Handle
                0x00800138        0x2 APP/Calculator/Calculator.o
                0x00800138                Init_Task_Handle
 .bss.pucAlignedHeap.2084
                0x0080013a        0x2 OS/FreeRTOS/heap_1.o
 .bss.xNextFreeByte
                0x0080013c        0x2 OS/FreeRTOS/heap_1.o
 .bss.ucHeap    0x0080013e      0x5dc OS/FreeRTOS/heap_1.o
 .bss.uxSchedulerSuspended
                0x0080071a        0x1 OS/FreeRTOS/tasks.o
 .bss.xIdleTaskHandle
                0x0080071b        0x2 OS/FreeRTOS/tasks.o
 .bss.xNextTaskUnblockTime
                0x0080071d        0x2 OS/FreeRTOS/tasks.o
 .bss.uxTaskNumber
                0x0080071f        0x1 OS/FreeRTOS/tasks.o
 .bss.xNumOfOverflows
                0x00800720        0x1 OS/FreeRTOS/tasks.o
 .bss.xYieldPending
                0x00800721        0x1 OS/FreeRTOS/tasks.o
 .bss.uxPendedTicks
                0x00800722        0x1 OS/FreeRTOS/tasks.o
 .bss.xSchedulerRunning
                0x00800723        0x1 OS/FreeRTOS/tasks.o
 .bss.uxTopReadyPriority
                0x00800724        0x1 OS/FreeRTOS/tasks.o
 .bss.xTickCount
                0x00800725        0x2 OS/FreeRTOS/tasks.o
 .bss.uxCurrentNumberOfTasks
                0x00800727        0x1 OS/FreeRTOS/tasks.o
 .bss.xSuspendedTaskList
                0x00800728        0x9 OS/FreeRTOS/tasks.o
 .bss.uxDeletedTasksWaitingCleanUp
                0x00800731        0x1 OS/FreeRTOS/tasks.o
 .bss.xTasksWaitingTermination
                0x00800732        0x9 OS/FreeRTOS/tasks.o
 .bss.xPendingReadyList
                0x0080073b        0x9 OS/FreeRTOS/tasks.o
 .bss.pxOverflowDelayedTaskList
                0x00800744        0x2 OS/FreeRTOS/tasks.o
 .bss.pxDelayedTaskList
                0x00800746        0x2 OS/FreeRTOS/tasks.o
 .bss.xDelayedTaskList2
                0x00800748        0x9 OS/FreeRTOS/tasks.o
 .bss.xDelayedTaskList1
                0x00800751        0x9 OS/FreeRTOS/tasks.o
 .bss.pxReadyTasksLists
                0x0080075a       0x24 OS/FreeRTOS/tasks.o
 .bss.pxCurrentTCB
                0x0080077e        0x2 OS/FreeRTOS/tasks.o
                0x0080077e                pxCurrentTCB
 *(COMMON)
                0x00800780                PROVIDE (__bss_end, .)
                0x000020ac                __data_load_start = LOADADDR (.data)
                0x0000212e                __data_load_end = (__data_load_start + SIZEOF (.data))

.noinit         0x00800780        0x0
                [!provide]                PROVIDE (__noinit_start, .)
 *(.noinit*)
                [!provide]                PROVIDE (__noinit_end, .)
                0x00800780                _end = .
                [!provide]                PROVIDE (__heap_start, .)

.eeprom         0x00810000        0x0
 *(.eeprom*)
                0x00810000                __eeprom_end = .

.fuse
 *(.fuse)
 *(.lfuse)
 *(.hfuse)
 *(.efuse)

.lock
 *(.lock*)

.signature
 *(.signature*)

.user_signatures
 *(.user_signatures*)

.stab
 *(.stab)

.stabstr
 *(.stabstr)

.stab.excl
 *(.stab.excl)

.stab.exclstr
 *(.stab.exclstr)

.stab.index
 *(.stab.index)

.stab.indexstr
 *(.stab.indexstr)

.comment        0x00000000       0x30
 *(.comment)
 .comment       0x00000000       0x30 APP/Calculator/Calculator.o
                                 0x31 (size before relaxing)
 .comment       0x00000030       0x31 APP/CFGH/HAL_CFG/KeyPad_LCFG.o
 .comment       0x00000030       0x31 APP/CFGH/MCAL_CFG/PORT_LCFG.o
 .comment       0x00000030       0x31 APP/MAIN/main.o
 .comment       0x00000030       0x31 HAL/KeyPad/KeyPad_Core.o
 .comment       0x00000030       0x31 HAL/LCD/LCD_Core.o
 .comment       0x00000030       0x31 MCAL/DIO/DIO_Core.o
 .comment       0x00000030       0x31 MCAL/PORT/PORT_Core.o
 .comment       0x00000030       0x31 OS/FreeRTOS/heap_1.o
 .comment       0x00000030       0x31 OS/FreeRTOS/list.o
 .comment       0x00000030       0x31 OS/FreeRTOS/port.o
 .comment       0x00000030       0x31 OS/FreeRTOS/queue.o
 .comment       0x00000030       0x31 OS/FreeRTOS/tasks.o

.note.gnu.avr.deviceinfo
                0x00000000       0x3c
 .note.gnu.avr.deviceinfo
                0x00000000       0x3c C:/Program Files (x86)/Atmel/Studio/7.0/Packs/atmel/ATmega_DFP/1.2.209/gcc/dev/atmega32/avr5/crtatmega32.o

.note.gnu.build-id
 *(.note.gnu.build-id)

.debug
 *(.debug)

.line
 *(.line)

.debug_srcinfo
 *(.debug_srcinfo)

.debug_sfnames
 *(.debug_sfnames)

.debug_aranges  0x00000000      0x460
 *(.debug_aranges)
 .debug_aranges
                0x00000000       0x88 APP/Calculator/Calculator.o
 .debug_aranges
                0x00000088       0x18 APP/CFGH/HAL_CFG/KeyPad_LCFG.o
 .debug_aranges
                0x000000a0       0x18 APP/CFGH/MCAL_CFG/PORT_LCFG.o
 .debug_aranges
                0x000000b8       0x20 APP/MAIN/main.o
 .debug_aranges
                0x000000d8       0x28 HAL/KeyPad/KeyPad_Core.o
 .debug_aranges
                0x00000100       0x58 HAL/LCD/LCD_Core.o
 .debug_aranges
                0x00000158       0x40 MCAL/DIO/DIO_Core.o
 .debug_aranges
                0x00000198       0x20 MCAL/PORT/PORT_Core.o
 .debug_aranges
                0x000001b8       0x38 OS/FreeRTOS/heap_1.o
 .debug_aranges
                0x000001f0       0x40 OS/FreeRTOS/list.o
 .debug_aranges
                0x00000230       0x48 OS/FreeRTOS/port.o
 .debug_aranges
                0x00000278       0xb8 OS/FreeRTOS/queue.o
 .debug_aranges
                0x00000330      0x130 OS/FreeRTOS/tasks.o

.debug_pubnames
 *(.debug_pubnames)

.debug_info     0x00000000     0x5626
 *(.debug_info .gnu.linkonce.wi.*)
 .debug_info    0x00000000      0x4e6 C:/Program Files (x86)/Atmel/Studio/7.0/Packs/atmel/ATmega_DFP/1.2.209/gcc/dev/atmega32/avr5/crtatmega32.o
 .debug_info    0x000004e6      0xa1f APP/Calculator/Calculator.o
 .debug_info    0x00000f05       0xa1 APP/CFGH/HAL_CFG/KeyPad_LCFG.o
 .debug_info    0x00000fa6       0xc1 APP/CFGH/MCAL_CFG/PORT_LCFG.o
 .debug_info    0x00001067       0xc2 APP/MAIN/main.o
 .debug_info    0x00001129      0x295 HAL/KeyPad/KeyPad_Core.o
 .debug_info    0x000013be      0x947 HAL/LCD/LCD_Core.o
 .debug_info    0x00001d05      0x220 MCAL/DIO/DIO_Core.o
 .debug_info    0x00001f25      0x11f MCAL/PORT/PORT_Core.o
 .debug_info    0x00002044      0x1a4 OS/FreeRTOS/heap_1.o
 .debug_info    0x000021e8      0x2d8 OS/FreeRTOS/list.o
 .debug_info    0x000024c0      0x263 OS/FreeRTOS/port.o
 .debug_info    0x00002723     0x1465 OS/FreeRTOS/queue.o
 .debug_info    0x00003b88     0x1a9e OS/FreeRTOS/tasks.o

.debug_abbrev   0x00000000     0x15f4
 *(.debug_abbrev)
 .debug_abbrev  0x00000000      0x4a3 C:/Program Files (x86)/Atmel/Studio/7.0/Packs/atmel/ATmega_DFP/1.2.209/gcc/dev/atmega32/avr5/crtatmega32.o
 .debug_abbrev  0x000004a3      0x20c APP/Calculator/Calculator.o
 .debug_abbrev  0x000006af       0x52 APP/CFGH/HAL_CFG/KeyPad_LCFG.o
 .debug_abbrev  0x00000701       0x76 APP/CFGH/MCAL_CFG/PORT_LCFG.o
 .debug_abbrev  0x00000777       0x68 APP/MAIN/main.o
 .debug_abbrev  0x000007df      0x15e HAL/KeyPad/KeyPad_Core.o
 .debug_abbrev  0x0000093d      0x1e6 HAL/LCD/LCD_Core.o
 .debug_abbrev  0x00000b23       0xd2 MCAL/DIO/DIO_Core.o
 .debug_abbrev  0x00000bf5       0xb4 MCAL/PORT/PORT_Core.o
 .debug_abbrev  0x00000ca9      0x11c OS/FreeRTOS/heap_1.o
 .debug_abbrev  0x00000dc5       0xff OS/FreeRTOS/list.o
 .debug_abbrev  0x00000ec4      0x155 OS/FreeRTOS/port.o
 .debug_abbrev  0x00001019      0x2af OS/FreeRTOS/queue.o
 .debug_abbrev  0x000012c8      0x32c OS/FreeRTOS/tasks.o

.debug_line     0x00000000     0x2fcb
 *(.debug_line .debug_line.* .debug_line_end)
 .debug_line    0x00000000      0x115 C:/Program Files (x86)/Atmel/Studio/7.0/Packs/atmel/ATmega_DFP/1.2.209/gcc/dev/atmega32/avr5/crtatmega32.o
 .debug_line    0x00000115      0x69d APP/Calculator/Calculator.o
 .debug_line    0x000007b2       0x4f APP/CFGH/HAL_CFG/KeyPad_LCFG.o
 .debug_line    0x00000801       0x5d APP/CFGH/MCAL_CFG/PORT_LCFG.o
 .debug_line    0x0000085e       0x68 APP/MAIN/main.o
 .debug_line    0x000008c6      0x1ef HAL/KeyPad/KeyPad_Core.o
 .debug_line    0x00000ab5      0x3cf HAL/LCD/LCD_Core.o
 .debug_line    0x00000e84      0x20e MCAL/DIO/DIO_Core.o
 .debug_line    0x00001092      0x108 MCAL/PORT/PORT_Core.o
 .debug_line    0x0000119a      0x1a9 OS/FreeRTOS/heap_1.o
 .debug_line    0x00001343      0x1d9 OS/FreeRTOS/list.o
 .debug_line    0x0000151c      0x292 OS/FreeRTOS/port.o
 .debug_line    0x000017ae      0xa02 OS/FreeRTOS/queue.o
 .debug_line    0x000021b0      0xe1b OS/FreeRTOS/tasks.o

.debug_frame    0x00000000      0xc0c
 *(.debug_frame)
 .debug_frame   0x00000000      0x148 APP/Calculator/Calculator.o
 .debug_frame   0x00000148       0x24 APP/MAIN/main.o
 .debug_frame   0x0000016c       0x58 HAL/KeyPad/KeyPad_Core.o
 .debug_frame   0x000001c4      0x120 HAL/LCD/LCD_Core.o
 .debug_frame   0x000002e4       0x64 MCAL/DIO/DIO_Core.o
 .debug_frame   0x00000348       0x24 MCAL/PORT/PORT_Core.o
 .debug_frame   0x0000036c       0x60 OS/FreeRTOS/heap_1.o
 .debug_frame   0x000003cc       0x88 OS/FreeRTOS/list.o
 .debug_frame   0x00000454       0x74 OS/FreeRTOS/port.o
 .debug_frame   0x000004c8      0x2ec OS/FreeRTOS/queue.o
 .debug_frame   0x000007b4      0x458 OS/FreeRTOS/tasks.o

.debug_str      0x00000000     0x1686
 *(.debug_str)
 .debug_str     0x00000000      0x196 C:/Program Files (x86)/Atmel/Studio/7.0/Packs/atmel/ATmega_DFP/1.2.209/gcc/dev/atmega32/avr5/crtatmega32.o
 .debug_str     0x00000196      0x44d APP/Calculator/Calculator.o
                                0x4a7 (size before relaxing)
 .debug_str     0x000005e3       0x30 APP/CFGH/HAL_CFG/KeyPad_LCFG.o
                                0x1bc (size before relaxing)
 .debug_str     0x00000613       0x4c APP/CFGH/MCAL_CFG/PORT_LCFG.o
                                0x1d8 (size before relaxing)
 .debug_str     0x0000065f       0x18 APP/MAIN/main.o
                                0x1be (size before relaxing)
 .debug_str     0x00000677       0x72 HAL/KeyPad/KeyPad_Core.o
                                0x287 (size before relaxing)
 .debug_str     0x000006e9       0x94 HAL/LCD/LCD_Core.o
                                0x2f8 (size before relaxing)
 .debug_str     0x0000077d       0x82 MCAL/DIO/DIO_Core.o
                                0x237 (size before relaxing)
 .debug_str     0x000007ff       0x19 MCAL/PORT/PORT_Core.o
                                0x1e4 (size before relaxing)
 .debug_str     0x00000818       0xb9 OS/FreeRTOS/heap_1.o
                                0x246 (size before relaxing)
 .debug_str     0x000008d1      0x13f OS/FreeRTOS/list.o
                                0x2d5 (size before relaxing)
 .debug_str     0x00000a10      0x122 OS/FreeRTOS/port.o
                                0x2ce (size before relaxing)
 .debug_str     0x00000b32      0x438 OS/FreeRTOS/queue.o
                                0x77c (size before relaxing)
 .debug_str     0x00000f6a      0x71c OS/FreeRTOS/tasks.o
                                0xbfe (size before relaxing)

.debug_loc      0x00000000     0x4c97
 *(.debug_loc)
 .debug_loc     0x00000000      0x2d3 APP/Calculator/Calculator.o
 .debug_loc     0x000002d3      0x162 HAL/KeyPad/KeyPad_Core.o
 .debug_loc     0x00000435      0x729 HAL/LCD/LCD_Core.o
 .debug_loc     0x00000b5e      0x595 MCAL/DIO/DIO_Core.o
 .debug_loc     0x000010f3      0x258 MCAL/PORT/PORT_Core.o
 .debug_loc     0x0000134b       0xf1 OS/FreeRTOS/heap_1.o
 .debug_loc     0x0000143c      0x145 OS/FreeRTOS/list.o
 .debug_loc     0x00001581      0x2a0 OS/FreeRTOS/port.o
 .debug_loc     0x00001821     0x189b OS/FreeRTOS/queue.o
 .debug_loc     0x000030bc     0x1bdb OS/FreeRTOS/tasks.o

.debug_macinfo
 *(.debug_macinfo)

.debug_weaknames
 *(.debug_weaknames)

.debug_funcnames
 *(.debug_funcnames)

.debug_typenames
 *(.debug_typenames)

.debug_varnames
 *(.debug_varnames)

.debug_pubtypes
 *(.debug_pubtypes)

.debug_ranges   0x00000000      0x458
 *(.debug_ranges)
 .debug_ranges  0x00000000       0x78 APP/Calculator/Calculator.o
 .debug_ranges  0x00000078       0x10 APP/MAIN/main.o
 .debug_ranges  0x00000088       0x18 HAL/KeyPad/KeyPad_Core.o
 .debug_ranges  0x000000a0       0x48 HAL/LCD/LCD_Core.o
 .debug_ranges  0x000000e8       0x30 MCAL/DIO/DIO_Core.o
 .debug_ranges  0x00000118       0x10 MCAL/PORT/PORT_Core.o
 .debug_ranges  0x00000128       0x28 OS/FreeRTOS/heap_1.o
 .debug_ranges  0x00000150       0x30 OS/FreeRTOS/list.o
 .debug_ranges  0x00000180       0x38 OS/FreeRTOS/port.o
 .debug_ranges  0x000001b8      0x138 OS/FreeRTOS/queue.o
 .debug_ranges  0x000002f0      0x168 OS/FreeRTOS/tasks.o

.debug_macro
 *(.debug_macro)
OUTPUT(RTOS_Based_Calculator.elf elf32-avr)
LOAD linker stubs
